INFO    : Building target web
INFO    : XSL conversion of /home/adam/.pythonenv/1213Book/pretext/main.ptx by /home/adam/.ptx/2.20.0/core/xsl/utilities/pretext-enhanced-source.xsl
INFO    : successful application of /home/adam/.ptx/2.20.0/core/xsl/utilities/pretext-enhanced-source.xsl
INFO    : Generating any needed assets.
INFO    : XSL conversion of /home/adam/.pythonenv/1213Book/pretext/main.ptx by /home/adam/.ptx/2.20.0/core/xsl/utilities/pretext-enhanced-source.xsl
INFO    : successful application of /home/adam/.ptx/2.20.0/core/xsl/utilities/pretext-enhanced-source.xsl
INFO    : XSL conversion of /home/adam/.pythonenv/1213Book/pretext/main.ptx by /home/adam/.ptx/2.20.0/core/xsl/utilities/pretext-enhanced-source.xsl
INFO    : successful application of /home/adam/.ptx/2.20.0/core/xsl/utilities/pretext-enhanced-source.xsl
INFO    : XSL conversion of /home/adam/.pythonenv/1213Book/pretext/main.ptx by /home/adam/.ptx/2.20.0/core/xsl/utilities/pretext-enhanced-source.xsl
INFO    : successful application of /home/adam/.ptx/2.20.0/core/xsl/utilities/pretext-enhanced-source.xsl
INFO    : XSL conversion of /home/adam/.pythonenv/1213Book/pretext/main.ptx by /home/adam/.ptx/2.20.0/core/xsl/utilities/pretext-enhanced-source.xsl
INFO    : successful application of /home/adam/.ptx/2.20.0/core/xsl/utilities/pretext-enhanced-source.xsl
INFO    : XSL conversion of /home/adam/.pythonenv/1213Book/pretext/main.ptx by /home/adam/.ptx/2.20.0/core/xsl/utilities/pretext-enhanced-source.xsl
INFO    : successful application of /home/adam/.ptx/2.20.0/core/xsl/utilities/pretext-enhanced-source.xsl
INFO    : XSL conversion of /home/adam/.pythonenv/1213Book/pretext/main.ptx by /home/adam/.ptx/2.20.0/core/xsl/utilities/pretext-enhanced-source.xsl
INFO    : successful application of /home/adam/.ptx/2.20.0/core/xsl/utilities/pretext-enhanced-source.xsl
INFO    : XSL conversion of /home/adam/.pythonenv/1213Book/pretext/main.ptx by /home/adam/.ptx/2.20.0/core/xsl/utilities/pretext-enhanced-source.xsl
INFO    : successful application of /home/adam/.ptx/2.20.0/core/xsl/utilities/pretext-enhanced-source.xsl
INFO    : XSL conversion of /home/adam/.pythonenv/1213Book/pretext/main.ptx by /home/adam/.ptx/2.20.0/core/xsl/utilities/pretext-enhanced-source.xsl
INFO    : successful application of /home/adam/.ptx/2.20.0/core/xsl/utilities/pretext-enhanced-source.xsl
INFO    : XSL conversion of /home/adam/.pythonenv/1213Book/pretext/main.ptx by /home/adam/.ptx/2.20.0/core/xsl/utilities/pretext-enhanced-source.xsl
INFO    : successful application of /home/adam/.ptx/2.20.0/core/xsl/utilities/pretext-enhanced-source.xsl
INFO    : XSL conversion of /home/adam/.pythonenv/1213Book/pretext/main.ptx by /home/adam/.ptx/2.20.0/core/xsl/utilities/pretext-enhanced-source.xsl
INFO    : successful application of /home/adam/.ptx/2.20.0/core/xsl/utilities/pretext-enhanced-source.xsl
INFO    : XSL conversion of /home/adam/.pythonenv/1213Book/pretext/main.ptx by /home/adam/.ptx/2.20.0/core/xsl/utilities/pretext-enhanced-source.xsl
INFO    : successful application of /home/adam/.ptx/2.20.0/core/xsl/utilities/pretext-enhanced-source.xsl
INFO    : XSL conversion of /home/adam/.pythonenv/1213Book/pretext/main.ptx by /home/adam/.ptx/2.20.0/core/xsl/utilities/pretext-enhanced-source.xsl
INFO    : successful application of /home/adam/.ptx/2.20.0/core/xsl/utilities/pretext-enhanced-source.xsl
INFO    : XSL conversion of /home/adam/.pythonenv/1213Book/pretext/main.ptx by /home/adam/.ptx/2.20.0/core/xsl/utilities/pretext-enhanced-source.xsl
INFO    : successful application of /home/adam/.ptx/2.20.0/core/xsl/utilities/pretext-enhanced-source.xsl
INFO    : XSL conversion of /home/adam/.pythonenv/1213Book/pretext/main.ptx by /home/adam/.ptx/2.20.0/core/xsl/utilities/pretext-enhanced-source.xsl
INFO    : successful application of /home/adam/.ptx/2.20.0/core/xsl/utilities/pretext-enhanced-source.xsl
INFO    : Finished generating assets.

INFO    : Preparing to build into /home/adam/.pythonenv/1213Book/output/web.
WARNING : Node version must be at least 18 to build CSS files.  Please update node.js and npm.
 Will try to use prebuilt CSS files instead.
INFO    : discovering source file's directory name: /home/adam/.pythonenv/1213Book/pretext
INFO    : verifying and expanding input directory: /home/adam/.pythonenv/1213Book/pretext/../generated-assets
INFO    : input directory expanded to absolute path: /home/adam/.pythonenv/1213Book/generated-assets
INFO    : verifying and expanding input directory: /home/adam/.pythonenv/1213Book/pretext/../assets
INFO    : input directory expanded to absolute path: /home/adam/.pythonenv/1213Book/assets
INFO    : XSL conversion of /home/adam/.pythonenv/1213Book/pretext/main.ptx by /home/adam/.ptx/2.20.0/core/xsl/utilities/report-publisher-variables.xsl
INFO    : successful application of /home/adam/.ptx/2.20.0/core/xsl/utilities/report-publisher-variables.xsl
INFO    : Downloading rs services file from https://runestone.academy/cdn/runestone/latest/webpack_static_imports.xml.
INFO    : Runestone Services via online CDN query: version 8.2.4
INFO    : Downloading Runestone Services, version 8.2.4
INFO    : Extracting Runestone Services from archive file
INFO    : Building custom css theme: theme-salem
ERROR   : /home/adam/.ptx/2.20.0/core/script/cssbuilder/cssbuilder.mjs:1
import esbuild from 'esbuild';
       ^^^^^^^

SyntaxError: Unexpected identifier
    at Module._compile (internal/modules/cjs/loader.js:723:23)
    at Object.Module._extensions..js (internal/modules/cjs/loader.js:789:10)
    at Module.load (internal/modules/cjs/loader.js:653:32)
    at tryModuleLoad (internal/modules/cjs/loader.js:593:12)
    at Function.Module._load (internal/modules/cjs/loader.js:585:3)
    at Function.Module.runMain (internal/modules/cjs/loader.js:831:12)
    at startup (internal/bootstrap/node.js:283:19)
    at bootstrapNodeJSCore (internal/bootstrap/node.js:623:3)

CRITICAL: Failed to build custom theme
INFO    : ------------------------
CRITICAL: Failed to build.  Exiting...
INFO    : 
----------------------------------------------------
INFO    : While running pretext, the following errors occurred:

INFO    : (see log messages above or in the 'logs' folder for more information)
INFO    : ----------------------------------------------------
