WARNING : Using CLI version 2.20.0 but project's `requirements.txt`
WARNING : is configured to use 2.3.8. Consider either installing
WARNING : CLI version 2.3.8 or running `pretext update`
WARNING : to update `requirements.txt` and other managed files to match 2.20.0.
INFO    : Building target web
INFO    : XSL conversion of /home/adam/.pythonenv/1213Book/pretext/main.ptx by /home/adam/.ptx/2.20.0/core/xsl/utilities/pretext-enhanced-source.xsl
INFO    : successful application of /home/adam/.ptx/2.20.0/core/xsl/utilities/pretext-enhanced-source.xsl
INFO    : Generating any needed assets.
INFO    : XSL conversion of /home/adam/.pythonenv/1213Book/pretext/main.ptx by /home/adam/.ptx/2.20.0/core/xsl/utilities/pretext-enhanced-source.xsl
INFO    : successful application of /home/adam/.ptx/2.20.0/core/xsl/utilities/pretext-enhanced-source.xsl
INFO    : XSL conversion of /home/adam/.pythonenv/1213Book/pretext/main.ptx by /home/adam/.ptx/2.20.0/core/xsl/utilities/pretext-enhanced-source.xsl
INFO    : successful application of /home/adam/.ptx/2.20.0/core/xsl/utilities/pretext-enhanced-source.xsl
INFO    : XSL conversion of /home/adam/.pythonenv/1213Book/pretext/main.ptx by /home/adam/.ptx/2.20.0/core/xsl/utilities/pretext-enhanced-source.xsl
INFO    : successful application of /home/adam/.ptx/2.20.0/core/xsl/utilities/pretext-enhanced-source.xsl
INFO    : XSL conversion of /home/adam/.pythonenv/1213Book/pretext/main.ptx by /home/adam/.ptx/2.20.0/core/xsl/utilities/pretext-enhanced-source.xsl
INFO    : successful application of /home/adam/.ptx/2.20.0/core/xsl/utilities/pretext-enhanced-source.xsl
INFO    : XSL conversion of /home/adam/.pythonenv/1213Book/pretext/main.ptx by /home/adam/.ptx/2.20.0/core/xsl/utilities/pretext-enhanced-source.xsl
INFO    : successful application of /home/adam/.ptx/2.20.0/core/xsl/utilities/pretext-enhanced-source.xsl
INFO    : XSL conversion of /home/adam/.pythonenv/1213Book/pretext/main.ptx by /home/adam/.ptx/2.20.0/core/xsl/utilities/pretext-enhanced-source.xsl
INFO    : successful application of /home/adam/.ptx/2.20.0/core/xsl/utilities/pretext-enhanced-source.xsl
INFO    : XSL conversion of /home/adam/.pythonenv/1213Book/pretext/main.ptx by /home/adam/.ptx/2.20.0/core/xsl/utilities/pretext-enhanced-source.xsl
INFO    : successful application of /home/adam/.ptx/2.20.0/core/xsl/utilities/pretext-enhanced-source.xsl
INFO    : XSL conversion of /home/adam/.pythonenv/1213Book/pretext/main.ptx by /home/adam/.ptx/2.20.0/core/xsl/utilities/pretext-enhanced-source.xsl
INFO    : successful application of /home/adam/.ptx/2.20.0/core/xsl/utilities/pretext-enhanced-source.xsl
INFO    : XSL conversion of /home/adam/.pythonenv/1213Book/pretext/main.ptx by /home/adam/.ptx/2.20.0/core/xsl/utilities/pretext-enhanced-source.xsl
INFO    : successful application of /home/adam/.ptx/2.20.0/core/xsl/utilities/pretext-enhanced-source.xsl
INFO    : XSL conversion of /home/adam/.pythonenv/1213Book/pretext/main.ptx by /home/adam/.ptx/2.20.0/core/xsl/utilities/pretext-enhanced-source.xsl
INFO    : successful application of /home/adam/.ptx/2.20.0/core/xsl/utilities/pretext-enhanced-source.xsl
INFO    : XSL conversion of /home/adam/.pythonenv/1213Book/pretext/main.ptx by /home/adam/.ptx/2.20.0/core/xsl/utilities/pretext-enhanced-source.xsl
INFO    : successful application of /home/adam/.ptx/2.20.0/core/xsl/utilities/pretext-enhanced-source.xsl
INFO    : XSL conversion of /home/adam/.pythonenv/1213Book/pretext/main.ptx by /home/adam/.ptx/2.20.0/core/xsl/utilities/pretext-enhanced-source.xsl
INFO    : successful application of /home/adam/.ptx/2.20.0/core/xsl/utilities/pretext-enhanced-source.xsl
INFO    : XSL conversion of /home/adam/.pythonenv/1213Book/pretext/main.ptx by /home/adam/.ptx/2.20.0/core/xsl/utilities/pretext-enhanced-source.xsl
INFO    : successful application of /home/adam/.ptx/2.20.0/core/xsl/utilities/pretext-enhanced-source.xsl
INFO    : XSL conversion of /home/adam/.pythonenv/1213Book/pretext/main.ptx by /home/adam/.ptx/2.20.0/core/xsl/utilities/pretext-enhanced-source.xsl
INFO    : successful application of /home/adam/.ptx/2.20.0/core/xsl/utilities/pretext-enhanced-source.xsl
INFO    : creating trace data from /home/adam/.pythonenv/1213Book/pretext/main.ptx for placement in /home/adam/.pythonenv/1213Book/generated-assets/trace
INFO    : XSL conversion of /home/adam/.pythonenv/1213Book/pretext/main.ptx by /home/adam/.ptx/2.20.0/core/xsl/extract-trace.xsl
INFO    : messages from the log for XSL processing:
ERROR   : * PTX:ERROR: the @xml:id value "functions_glossary" should be unique, but is authored multiple times.
INFO    : *            Results will be unpredictable, and likely incorrect.  Information on the locations follows:
INFO    : *              located within: "functions_glossary" (xml:id), "Glossary" (title)
INFO    : *              located within: "functions_glossary" (xml:id), "Glossary" (title)
INFO    : * PTX:INFO:   checking ONLY the last TWO YEARS of element deprecations.
Rerun with the string parameter "author.deprecations.all" set to "yes" to check your source against all deprecations.
INFO    : successful application of /home/adam/.ptx/2.20.0/core/xsl/extract-trace.xsl
INFO    : converting python source lst-stackcode2 to a trace...
INFO    : converting python source ququeuetest to a trace...
INFO    : converting python source deqtest to a trace...
INFO    : converting python source chp13_points to a trace...
INFO    : converting python source chp13_improveconstructor to a trace...
INFO    : converting python source ch04_clsquare to a trace...
INFO    : converting python source ch04_clsquare_bad to a trace...
INFO    : converting python source bad_local to a trace...
INFO    : converting python source cl_powerof_bad to a trace...
INFO    : converting python source cl_change_parm to a trace...
INFO    : converting python source sq_accum3 to a trace...
INFO    : converting python source sumofsquares to a trace...
INFO    : converting python source lst-seqsearchpython to a trace...
INFO    : converting python source lst-seqsearchpython2 to a trace...
INFO    : converting python source lst-binarysearchpy to a trace...
INFO    : converting python source lst-recbinarysearch to a trace...
INFO    : converting python source chp09_concatid to a trace...
INFO    : converting python source item_assign to a trace...
INFO    : converting python source chp09_istrace to a trace...
INFO    : converting python source chp09_is3 to a trace...
INFO    : converting python source chp09_is4 to a trace...
INFO    : converting python source reprefstep to a trace...
INFO    : converting python source appcon1 to a trace...
INFO    : converting python source appcon2 to a trace...
INFO    : converting python source appcon3 to a trace...
INFO    : converting python source chp09_parm1_trace to a trace...
INFO    : converting python source ch09_mod3 to a trace...
INFO    : converting python source functBuiltin_codelens_line2 to a trace...
INFO    : converting python source functMath_codelens1 to a trace...
INFO    : converting python source functDef_codelens to a trace...
INFO    : converting python source functFlow_codelens to a trace...
INFO    : converting python source functParam_codelens1 to a trace...
INFO    : converting python source functParam_codelens2 to a trace...
INFO    : converting python source functParam_codelens3 to a trace...
INFO    : converting python source functFruit_codelens to a trace...
INFO    : Removing temporary directory /tmp/ptx-dby5nxd0
INFO    : Finished generating assets.

INFO    : Preparing to build into /home/adam/.pythonenv/1213Book/output/web.
WARNING : Node version must be at least 18 to build CSS files.  Please update node.js and npm.
 Will try to use prebuilt CSS files instead.
INFO    : discovering source file's directory name: /home/adam/.pythonenv/1213Book/pretext
INFO    : verifying and expanding input directory: /home/adam/.pythonenv/1213Book/pretext/../generated-assets
INFO    : input directory expanded to absolute path: /home/adam/.pythonenv/1213Book/generated-assets
INFO    : verifying and expanding input directory: /home/adam/.pythonenv/1213Book/pretext/../assets
INFO    : input directory expanded to absolute path: /home/adam/.pythonenv/1213Book/assets
INFO    : XSL conversion of /home/adam/.pythonenv/1213Book/pretext/main.ptx by /home/adam/.ptx/2.20.0/core/xsl/utilities/report-publisher-variables.xsl
INFO    : successful application of /home/adam/.ptx/2.20.0/core/xsl/utilities/report-publisher-variables.xsl
INFO    : Downloading rs services file from https://runestone.academy/cdn/runestone/latest/webpack_static_imports.xml.
INFO    : Runestone Services via online CDN query: version 8.2.5
INFO    : Downloading Runestone Services, version 8.2.5
INFO    : Extracting Runestone Services from archive file
INFO    : Building custom css theme: theme-salem
ERROR   : /home/adam/.ptx/2.20.0/core/script/cssbuilder/cssbuilder.mjs:1
import esbuild from 'esbuild';
       ^^^^^^^

SyntaxError: Unexpected identifier
    at Module._compile (internal/modules/cjs/loader.js:723:23)
    at Object.Module._extensions..js (internal/modules/cjs/loader.js:789:10)
    at Module.load (internal/modules/cjs/loader.js:653:32)
    at tryModuleLoad (internal/modules/cjs/loader.js:593:12)
    at Function.Module._load (internal/modules/cjs/loader.js:585:3)
    at Function.Module.runMain (internal/modules/cjs/loader.js:831:12)
    at startup (internal/bootstrap/node.js:283:19)
    at bootstrapNodeJSCore (internal/bootstrap/node.js:623:3)

CRITICAL: Failed to build custom theme
INFO    : ------------------------
CRITICAL: Failed to build.  Exiting...
INFO    : 
----------------------------------------------------
INFO    : While running pretext, the following errors occurred:

INFO    : (see log messages above or in the 'logs' folder for more information)
INFO    : ----------------------------------------------------
