INFO    : Building target web
INFO    : XSL conversion of /home/adam/.pythonenv/1213Book/pretext/main.ptx by /home/adam/.ptx/2.20.0/core/xsl/utilities/pretext-enhanced-source.xsl
INFO    : successful application of /home/adam/.ptx/2.20.0/core/xsl/utilities/pretext-enhanced-source.xsl
INFO    : Generating any needed assets.
INFO    : XSL conversion of /home/adam/.pythonenv/1213Book/pretext/main.ptx by /home/adam/.ptx/2.20.0/core/xsl/utilities/pretext-enhanced-source.xsl
INFO    : successful application of /home/adam/.ptx/2.20.0/core/xsl/utilities/pretext-enhanced-source.xsl
INFO    : XSL conversion of /home/adam/.pythonenv/1213Book/pretext/main.ptx by /home/adam/.ptx/2.20.0/core/xsl/utilities/pretext-enhanced-source.xsl
INFO    : successful application of /home/adam/.ptx/2.20.0/core/xsl/utilities/pretext-enhanced-source.xsl
INFO    : XSL conversion of /home/adam/.pythonenv/1213Book/pretext/main.ptx by /home/adam/.ptx/2.20.0/core/xsl/utilities/pretext-enhanced-source.xsl
INFO    : successful application of /home/adam/.ptx/2.20.0/core/xsl/utilities/pretext-enhanced-source.xsl
INFO    : XSL conversion of /home/adam/.pythonenv/1213Book/pretext/main.ptx by /home/adam/.ptx/2.20.0/core/xsl/utilities/pretext-enhanced-source.xsl
INFO    : successful application of /home/adam/.ptx/2.20.0/core/xsl/utilities/pretext-enhanced-source.xsl
INFO    : XSL conversion of /home/adam/.pythonenv/1213Book/pretext/main.ptx by /home/adam/.ptx/2.20.0/core/xsl/utilities/pretext-enhanced-source.xsl
INFO    : successful application of /home/adam/.ptx/2.20.0/core/xsl/utilities/pretext-enhanced-source.xsl
INFO    : XSL conversion of /home/adam/.pythonenv/1213Book/pretext/main.ptx by /home/adam/.ptx/2.20.0/core/xsl/utilities/pretext-enhanced-source.xsl
INFO    : successful application of /home/adam/.ptx/2.20.0/core/xsl/utilities/pretext-enhanced-source.xsl
INFO    : XSL conversion of /home/adam/.pythonenv/1213Book/pretext/main.ptx by /home/adam/.ptx/2.20.0/core/xsl/utilities/pretext-enhanced-source.xsl
INFO    : successful application of /home/adam/.ptx/2.20.0/core/xsl/utilities/pretext-enhanced-source.xsl
INFO    : XSL conversion of /home/adam/.pythonenv/1213Book/pretext/main.ptx by /home/adam/.ptx/2.20.0/core/xsl/utilities/pretext-enhanced-source.xsl
INFO    : successful application of /home/adam/.ptx/2.20.0/core/xsl/utilities/pretext-enhanced-source.xsl
INFO    : XSL conversion of /home/adam/.pythonenv/1213Book/pretext/main.ptx by /home/adam/.ptx/2.20.0/core/xsl/utilities/pretext-enhanced-source.xsl
INFO    : successful application of /home/adam/.ptx/2.20.0/core/xsl/utilities/pretext-enhanced-source.xsl
INFO    : XSL conversion of /home/adam/.pythonenv/1213Book/pretext/main.ptx by /home/adam/.ptx/2.20.0/core/xsl/utilities/pretext-enhanced-source.xsl
INFO    : successful application of /home/adam/.ptx/2.20.0/core/xsl/utilities/pretext-enhanced-source.xsl
INFO    : XSL conversion of /home/adam/.pythonenv/1213Book/pretext/main.ptx by /home/adam/.ptx/2.20.0/core/xsl/utilities/pretext-enhanced-source.xsl
INFO    : successful application of /home/adam/.ptx/2.20.0/core/xsl/utilities/pretext-enhanced-source.xsl
INFO    : XSL conversion of /home/adam/.pythonenv/1213Book/pretext/main.ptx by /home/adam/.ptx/2.20.0/core/xsl/utilities/pretext-enhanced-source.xsl
INFO    : successful application of /home/adam/.ptx/2.20.0/core/xsl/utilities/pretext-enhanced-source.xsl
INFO    : XSL conversion of /home/adam/.pythonenv/1213Book/pretext/main.ptx by /home/adam/.ptx/2.20.0/core/xsl/utilities/pretext-enhanced-source.xsl
INFO    : successful application of /home/adam/.ptx/2.20.0/core/xsl/utilities/pretext-enhanced-source.xsl
INFO    : XSL conversion of /home/adam/.pythonenv/1213Book/pretext/main.ptx by /home/adam/.ptx/2.20.0/core/xsl/utilities/pretext-enhanced-source.xsl
INFO    : successful application of /home/adam/.ptx/2.20.0/core/xsl/utilities/pretext-enhanced-source.xsl
INFO    : Finished generating assets.

INFO    : Preparing to build into /home/adam/.pythonenv/1213Book/output/web.
WARNING : Node.js must be installed to build CSS files.  Please install node.js and npm.
 Will try to use prebuilt CSS files instead.
WARNING : Cannot find npm.  Will try to use prebuilt CSS files instead.
WARNING : Unable to install npm packages to build css files.  Non-default CSS themes require node.js and npm to be installed.  See https://pretextbook.org/doc/guide/html/node-and-npm.html
WARNING : 
INFO    : discovering source file's directory name: /home/adam/.pythonenv/1213Book/pretext
INFO    : verifying and expanding input directory: /home/adam/.pythonenv/1213Book/pretext/../generated-assets
INFO    : input directory expanded to absolute path: /home/adam/.pythonenv/1213Book/generated-assets
INFO    : verifying and expanding input directory: /home/adam/.pythonenv/1213Book/pretext/../assets
INFO    : input directory expanded to absolute path: /home/adam/.pythonenv/1213Book/assets
INFO    : XSL conversion of /home/adam/.pythonenv/1213Book/pretext/main.ptx by /home/adam/.ptx/2.20.0/core/xsl/utilities/report-publisher-variables.xsl
INFO    : successful application of /home/adam/.ptx/2.20.0/core/xsl/utilities/report-publisher-variables.xsl
INFO    : Downloading rs services file from https://runestone.academy/cdn/runestone/latest/webpack_static_imports.xml.
INFO    : Runestone Services via online CDN query: version 8.2.4
INFO    : Downloading Runestone Services, version 8.2.4
INFO    : Extracting Runestone Services from archive file
ERROR   : Node.js is required to build themes other than default-modern. Make sure it is installed and in your PATH. Then do 'npm install' in the pretext/script/cssbuilder directory. https://pretextbook.org/doc/guide/html/node-and-npm.html
CRITICAL: PTX:ERROR: cannot locate executable with configuration name `node` as command `node`
***  Edit the configuration file  ("pretext.cfg" or "project.ptx") and/or install  ***
***  the necessary program and/or make sure the executable is on your PATH         ***
INFO    : ------------------------
CRITICAL: Failed to build.  Exiting...
INFO    : 
----------------------------------------------------
INFO    : While running pretext, the following errors occurred:

INFO    : (see log messages above or in the 'logs' folder for more information)
INFO    : ----------------------------------------------------
