WARNING : Using CLI version 2.20.0 but project's `requirements.txt`
WARNING : is configured to use 2.3.8. Consider either installing
WARNING : CLI version 2.3.8 or running `pretext update`
WARNING : to update `requirements.txt` and other managed files to match 2.20.0.
INFO    : Building target web
ERROR   : XInclude Error caused build to fail:
ERROR   : <string>:0:0:WARNING:IO:IO_ENOENT: failed to load "/home/adam/.pythonenv/1213Book/pretext/FrontMatter/preface.ptx": No such file or directory
/home/adam/.pythonenv/1213Book/pretext/main.ptx:21:0:ERROR:XINCLUDE:XINCLUDE_NO_FALLBACK: could not load /home/adam/.pythonenv/1213Book/pretext/FrontMatter/preface.ptx, and no fallback was found
<string>:0:0:WARNING:IO:IO_ENOENT: failed to load "/home/adam/.pythonenv/1213Book/pretext/Introduction/toctree.ptx": No such file or directory
/home/adam/.pythonenv/1213Book/pretext/main.ptx:64:0:ERROR:XINCLUDE:XINCLUDE_NO_FALLBACK: could not load /home/adam/.pythonenv/1213Book/pretext/Introduction/toctree.ptx, and no fallback was found
<string>:0:0:WARNING:IO:IO_ENOENT: failed to load "/home/adam/.pythonenv/1213Book/pretext/AlgorithmAnalysis/toctree.ptx": No such file or directory
/home/adam/.pythonenv/1213Book/pretext/main.ptx:65:0:ERROR:XINCLUDE:XINCLUDE_NO_FALLBACK: could not load /home/adam/.pythonenv/1213Book/pretext/AlgorithmAnalysis/toctree.ptx, and no fallback was found
<string>:0:0:WARNING:IO:IO_ENOENT: failed to load "/home/adam/.pythonenv/1213Book/pretext/Recursion/toctree.ptx": No such file or directory
/home/adam/.pythonenv/1213Book/pretext/main.ptx:67:0:ERROR:XINCLUDE:XINCLUDE_NO_FALLBACK: could not load /home/adam/.pythonenv/1213Book/pretext/Recursion/toctree.ptx, and no fallback was found
<string>:0:0:WARNING:IO:IO_ENOENT: failed to load "/home/adam/.pythonenv/1213Book/pretext/Trees/toctree.ptx": No such file or directory
/home/adam/.pythonenv/1213Book/pretext/main.ptx:69:0:ERROR:XINCLUDE:XINCLUDE_NO_FALLBACK: could not load /home/adam/.pythonenv/1213Book/pretext/Trees/toctree.ptx, and no fallback was found
<string>:0:0:WARNING:IO:IO_ENOENT: failed to load "/home/adam/.pythonenv/1213Book/pretext/Graphs/toctree.ptx": No such file or directory
/home/adam/.pythonenv/1213Book/pretext/main.ptx:70:0:ERROR:XINCLUDE:XINCLUDE_NO_FALLBACK: could not load /home/adam/.pythonenv/1213Book/pretext/Graphs/toctree.ptx, and no fallback was found
<string>:0:0:WARNING:IO:IO_ENOENT: failed to load "/home/adam/.pythonenv/1213Book/pretext/Advanced/toctree.ptx": No such file or directory
/home/adam/.pythonenv/1213Book/pretext/main.ptx:71:0:ERROR:XINCLUDE:XINCLUDE_NO_FALLBACK: could not load /home/adam/.pythonenv/1213Book/pretext/Advanced/toctree.ptx, and no fallback was found
CRITICAL: XML syntax for source file is invalid
INFO    : ------------------------
CRITICAL: Failed to build.  Exiting...
INFO    : 
----------------------------------------------------
INFO    : While running pretext, the following errors occurred:

INFO    : (see log messages above or in the 'logs' folder for more information)
INFO    : ----------------------------------------------------
